// Jest Snapshot v1, https://goo.gl/fbAQLP

exports[`#SEPA should generate a full SEPA 1`] = `"<?xml version="1.0" encoding="UTF-8"?><Document xmlns="urn:iso:std:iso:20022:tech:xsd:pain.008.001.02" xmlns:xsi="http://www.w3.org/2001/XMLSchema-instance" xsi:schemaLocation="urn:iso:std:iso:20022:tech:xsd:pain.008.001.02 pain.008.001.02.xsd"><CstmrDrctDbtInitn><GrpHdr><MsgId>1XMPL.20140201.TR0</MsgId><CreDtTm>2019-01-01T07:00:00.000Z</CreDtTm><NbOfTxs>1</NbOfTxs><CtrlSum>50.23</CtrlSum><InitgPty><Nm>1Example  LLC</Nm></InitgPty></GrpHdr><PmtInf><PmtInfId>1XMPL.20140201.TR0.0</PmtInfId><PmtMtd>DD</PmtMtd><BtchBookg>true</BtchBookg><NbOfTxs>1</NbOfTxs><CtrlSum>50.23</CtrlSum><PmtTpInf><SvcLvl><Cd>SEPA</Cd></SvcLvl><LclInstrm><Cd>CORE</Cd></LclInstrm><SeqTp>FRST</SeqTp></PmtTpInf><ReqdColltnDt>2019-01-01</ReqdColltnDt><Cdtr><Nm>ASSOCIATION GROUPEMENT POUR LA DIRECTION ET LA GESTION DES CENTRES DE </Nm></Cdtr><CdtrAcct><Id><IBAN>DE87123456781234567890</IBAN></Id></CdtrAcct><CdtrAgt><FinInstnId><BIC>XMPLDEM0XXX</BIC></FinInstnId></CdtrAgt><ChrgBr>SLEV</ChrgBr><CdtrSchmeId><Id><PrvtId><Othr><Id>DE98ZZZ09999999999</Id><SchmeNm><Prtry>SEPA</Prtry></SchmeNm></Othr></PrvtId></Id></CdtrSchmeId><DrctDbtTxInf><PmtId><InstrId>1XMPL.20140201.TR0.0.0</InstrId><EndToEndId>1XM.CUST487.INVOICE.54</EndToEndId></PmtId><InstdAmt Ccy="EUR">50.23</InstdAmt><DrctDbtTx><MndtRltdInf><MndtId>XMPL.CUST487.2014</MndtId><DtOfSgntr>2014-02-01</DtOfSgntr><AmdmntInd>false</AmdmntInd></MndtRltdInf></DrctDbtTx><DbtrAgt><FinInstnId><BIC>CUSTDEM0XXX</BIC></FinInstnId></DbtrAgt><Dbtr><Nm>Jean LOch</Nm></Dbtr><DbtrAcct><Id><IBAN>DE40987654329876543210</IBAN></Id></DbtrAcct><RmtInf><Ustrd>INVOICE 54</Ustrd></RmtInf></DrctDbtTxInf></PmtInf></CstmrDrctDbtInitn></Document>"`;
